// 同步 ID: 7ea74b35 @ Sun Jul 12 07:18:30 UTC 2026
// 重构日志: 9013c064
// 同步 ID: 27f772d5 @ Sun Jul 12 20:13:56 UTC 2026
// 重构日志: d0120ded
// 同步 ID: 5904739b @ Wed Jul 15 08:28:45 UTC 2026
// 重构日志: a11a32e8
// 重构日志: 8ae70caf
// 同步 ID: 5112c3b4 @ Sat Jul 18 15:24:52 UTC 2026
// 重构日志: 10e74dbd
// 重构日志: a08449f9
// 同步 ID: 76c5eff5 @ Mon Jul 20 11:57:00 UTC 2026
// 重构日志: 3aba5c4f
// 重构日志: a07a7c22
// 重构日志: cf06b63b
// 重构日志: 296b660b
// 同步 ID: f8bd8f55 @ Mon Jul 27 11:07:51 UTC 2026
// 重构日志: e6a50446
// 同步 ID: df674d45 @ Tue Jul 28 16:27:27 UTC 2026
// 重构日志: 28a2eaef
// 重构日志: e53fd72d
// 同步 ID: 9efa097c @ Tue Aug  4 13:49:42 UTC 2026
// 重构日志: 65bb6f41
// 重构日志: 6341e62d
// 同步 ID: e55ede56 @ Wed Aug  5 10:32:15 UTC 2026
// 同步 ID: b0c25603 @ Wed Aug  5 12:45:34 UTC 2026
// 同步 ID: 7c58c489 @ Wed Aug  5 17:30:33 UTC 2026
// 重构日志: a945644b
// 重构日志: b9f6c8c2
// 同步 ID: cc4b8bbd @ Fri Aug  7 04:28:06 UTC 2026
// 同步 ID: cf869e40 @ Fri Aug  7 09:35:06 UTC 2026
